(dcl-one-sdk golden v1 cube production)
TOOLCHAIN sdk=7.26.0 ecs=7.26.0 bundler=rolldown-1.2.4 blob=sha256:bfba3692f31514bd
SCENE_COMPILED_JS_SIZE_PROD=484.1k bytes
  ARTIFACT bin/index.js               8412 sha256=b840f24417b922a6
  ARTIFACT bin/scene.js               1122 sha256=f3eace6e70bdb3a2
  ARTIFACT bin/sdk-runtime.js       474613 sha256=33bab9f0f499ea4a
LOADER sdk=bin/sdk-runtime.js smart=- scene=bin/scene.js max_composite_entity=0
ENTRYPOINT .dcl-one/entrypoint.ts main=guarded composites=0 script-utils=stub
  // BEGIN AUTO GENERATED CODE "~sdk/scene-entrypoint"
  "use strict";
  import { engine, NetworkEntity } from '@dcl/sdk/ecs'
  import * as sdk from '@dcl/sdk'
  import { compositeProvider } from '@dcl/sdk/composite-provider'
  import { compositeFromLoader } from '~sdk/all-composites'
  import { _initializeScripts } from '~sdk/script-utils'
  // Registers the composite provider, and must be imported BEFORE the scene.
  // A scene that calls initAssetPacks() at module scope -- as the Creator Hub
  // templates do -- reads that provider while its own module body runs, and until
  // this existed the only thing registering it was `@dcl/sdk`'s body, which the
  // bundler emits at the END of the chunk. So the editor logged "[asset-packs] No
  // SDK composite provider registered; SPAWN_ENTITY cannot resolve composites"
  // and placing a smart item resolved nothing. Upstream sdk-commands has the same
  // ordering (logic/bundle.ts) and gets away with it only because upstream scenes
  // never call initAssetPacks themselves.
  //
  // A separate module because neither cheaper fix works: statements here run after
  // every import including the scene's, and the bundler does not honour moving
  // `@dcl/sdk` earlier -- a side-effect import is shaken to a bare require and the
  // re-export below then reads a `_dcl_sdk` binding that was never declared, while
  // `export * from` is emitted at the end wherever it is written.
  import './sdk-boot.js'
  import * as entrypoint from "<SCENE>/src/index.ts"
  import { compositeFromLoader as __sceneComposites } from './all-composites.js'
  Object.assign(compositeFromLoader, __sceneComposites)

  false

  // `console.error(e)` drops the frames, and the host captures its own stack at
  // the call site — this catch block. `e.stack` carries the throw site, so it is
  // a superset of what upstream prints.
  function __reportSceneError(e: any) {
    console.error(e && e.stack ? e.stack : e)
  }

  if ((entrypoint as any).main !== undefined) {
    function _INTERNAL_startup_system() {
      try {
        _initializeScripts(engine)

        const maybePromise = (entrypoint as any).main()
        if (maybePromise && typeof maybePromise === 'object' && typeof (maybePromise as unknown as Promise<unknown>).then === 'function') {
          maybePromise.catch(__reportSceneError)
        }
      } catch (e) {
        __reportSceneError(e)
      } finally {
        engine.removeSystem(_INTERNAL_startup_system)
      }
    }
    engine.addSystem(_INTERNAL_startup_system, Infinity)
  }

  export * from '@dcl/sdk'
  export * from "<SCENE>/src/index.ts"
  export * from '~sdk/script-utils'
  REQUIRE(scene): @dcl/sdk
  REQUIRE(scene): @dcl/sdk/composite-provider
  REQUIRE(scene): @dcl/sdk/ecs
  REQUIRE(scene): @dcl/sdk/math
  REQUIRE(scene): ~sdk/all-composites
  REQUIRE(scene): ~sdk/script-utils
MAIN_CRDT none (no composite)
DEPLOY entity=bafkreieefcnyalfrljasrwcih45yvbtyrlic4l77c32betontgp3rq7jwa files=4 total=484.3k bytes
  bafkreibwh3lvwt4mqqcxqtym6oyof5n7ouktmgcgqo3wmwttd6256i64je scene.json 161 bytes
  bafybeiagimmlavww7momge3jfpkxtniibletbghzk6eybyv4jov777wvl4 bin/sdk-runtime.js 474613 bytes
  bafkreiht5lhg44f5wore5lzivnbjm572pqjtwlmg5ark5gg55idheuxm6a bin/scene.js 1122 bytes
  bafkreifyidzeif5zektj4omp43xyhnjo6vdfd6gqagznzzndnyae3yd6i4 bin/index.js 8412 bytes
EVAL bin/index.js
  READFILE: bin/sdk-runtime.js
  READFILE: bin/scene.js
  REQUIRE: ~system/Runtime
  REQUIRE: ~system/EngineApi
  REQUIRE: ~system/CommunicationsController
  REQUIRE: ~system/UserIdentity
  REQUIRE: ~system/EthereumController
CALL onStart()
CALL onUpdate(0)
  Scene: PUT_COMPONENT e=0x200 c=1 t=1 data={"position":{"x":8,"y":1,"z":8},"rotation":{"x":0,"y":0,"z":0,"w":1},"scale":{"x":1,"y":1,"z":1},"parent":0}
  Scene: PUT_COMPONENT e=0x200 c=1018 t=1 data={"mesh":{"$case":"box","box":{"uvs":[]}}}
CALL onUpdate(0.1)
CALL onUpdate(0.1)
CALL onUpdate(0.1)
HOSTCALLS readFile=2 crdtGetState=1 crdtSendToRenderer=4 sendBatch=4
CRDT_TRAFFIC messages=2 bytes=96
